>>> print_square = __import__('4-print_square').print_square

# Testing with a size of 5
>>> print_square(5)
#####
#####
#####
#####
#####

# Testing with a size of 0
>>> print_square(0)


# Testing with a negative size
>>> print_square(-3)
Traceback (most recent call last):
ValueError: size must be >= 0

# Testing with a float size
>>> print_square(4.5)
Traceback (most recent call last):
TypeError: size must be an integer

# Testing with a non-integer size
>>> print_square("2")
Traceback (most recent call last):
TypeError: size must be an integer

>>> print_square(2.0)
Traceback (most recent call last):
TypeError: size must be an integer

>>> print_square(8)
########
########
########
########
########
########
########
########

>>> print_square('a')
Traceback (most recent call last):
TypeError: size must be an integer

>>> print_square([7])
Traceback (most recent call last):
TypeError: size must be an integer

>>> print_square(None)
Traceback (most recent call last):
TypeError: size must be an integer
